
63. Printing statistics.

=== uart_bt_car_top ===

   Number of wires:                258
   Number of wire bits:            258
   Number of public wires:          47
   Number of public wire bits:      47
   Number of memories:               0
   Number of memory bits:            0
   Number of processes:              0
   Number of cells:                255
     sky130_fd_sc_hd__a21bo_2        1
     sky130_fd_sc_hd__a21boi_2       1
     sky130_fd_sc_hd__a21o_2         5
     sky130_fd_sc_hd__a21oi_2        1
     sky130_fd_sc_hd__a2bb2o_2       1
     sky130_fd_sc_hd__a31o_2         5
     sky130_fd_sc_hd__a41o_2         1
     sky130_fd_sc_hd__and2_2         6
     sky130_fd_sc_hd__and2b_2        3
     sky130_fd_sc_hd__and3_2        12
     sky130_fd_sc_hd__and4_2         4
     sky130_fd_sc_hd__and4b_2        1
     sky130_fd_sc_hd__buf_1         37
     sky130_fd_sc_hd__dfrtp_2       43
     sky130_fd_sc_hd__dfstp_2        1
     sky130_fd_sc_hd__inv_2         54
     sky130_fd_sc_hd__mux2_2        17
     sky130_fd_sc_hd__nand2_2       10
     sky130_fd_sc_hd__nand3_2        3
     sky130_fd_sc_hd__nand4_2        1
     sky130_fd_sc_hd__nor2_2         6
     sky130_fd_sc_hd__nor3b_2        1
     sky130_fd_sc_hd__nor4_2         1
     sky130_fd_sc_hd__o211a_2        1
     sky130_fd_sc_hd__o21a_2         2
     sky130_fd_sc_hd__o21ai_2        3
     sky130_fd_sc_hd__o21bai_2       1
     sky130_fd_sc_hd__o221a_2        1
     sky130_fd_sc_hd__o22a_2         3
     sky130_fd_sc_hd__o311a_2        2
     sky130_fd_sc_hd__o31a_2         1
     sky130_fd_sc_hd__o31ai_2        1
     sky130_fd_sc_hd__o41a_2         1
     sky130_fd_sc_hd__or2_2          6
     sky130_fd_sc_hd__or3_2          5
     sky130_fd_sc_hd__or3b_2         5
     sky130_fd_sc_hd__or4_2          5
     sky130_fd_sc_hd__or4b_2         2
     sky130_fd_sc_hd__xor2_2         1

   Chip area for module '\uart_bt_car_top': 2572.467200

