
===========================================================================
 report_power
============================================================================
======================= Fastest Corner ===================================

Group                  Internal  Switching    Leakage      Total
                          Power      Power      Power      Power (Watts)
----------------------------------------------------------------
Sequential             2.67e-04   7.26e-05   2.12e-07   3.39e-04  42.1%
Combinational          2.68e-04   1.98e-04   2.68e-09   4.66e-04  57.9%
Macro                  0.00e+00   0.00e+00   0.00e+00   0.00e+00   0.0%
Pad                    0.00e+00   0.00e+00   0.00e+00   0.00e+00   0.0%
----------------------------------------------------------------
Total                  5.35e-04   2.71e-04   2.14e-07   8.06e-04 100.0%
                          66.4%      33.6%       0.0%

======================= Slowest Corner ===================================

Group                  Internal  Switching    Leakage      Total
                          Power      Power      Power      Power (Watts)
----------------------------------------------------------------
Sequential             1.79e-04   4.72e-05   8.44e-07   2.27e-04  41.3%
Combinational          1.93e-04   1.28e-04   1.20e-06   3.23e-04  58.7%
Macro                  0.00e+00   0.00e+00   0.00e+00   0.00e+00   0.0%
Pad                    0.00e+00   0.00e+00   0.00e+00   0.00e+00   0.0%
----------------------------------------------------------------
Total                  3.72e-04   1.75e-04   2.05e-06   5.49e-04 100.0%
                          67.7%      31.9%       0.4%

======================= Typical Corner ===================================

Group                  Internal  Switching    Leakage      Total
                          Power      Power      Power      Power (Watts)
----------------------------------------------------------------
Sequential             2.30e-04   6.07e-05   2.11e-07   2.91e-04  41.9%
Combinational          2.38e-04   1.66e-04   1.62e-09   4.03e-04  58.1%
Macro                  0.00e+00   0.00e+00   0.00e+00   0.00e+00   0.0%
Pad                    0.00e+00   0.00e+00   0.00e+00   0.00e+00   0.0%
----------------------------------------------------------------
Total                  4.68e-04   2.26e-04   2.13e-07   6.95e-04 100.0%
                          67.4%      32.6%       0.0%

