
===========================================================================
 report_power
============================================================================
======================= Fastest Corner ===================================

Group                  Internal  Switching    Leakage      Total
                          Power      Power      Power      Power (Watts)
----------------------------------------------------------------
Sequential             2.66e-04   7.47e-05   2.12e-07   3.41e-04  42.0%
Combinational          2.68e-04   2.03e-04   2.68e-09   4.71e-04  58.0%
Macro                  0.00e+00   0.00e+00   0.00e+00   0.00e+00   0.0%
Pad                    0.00e+00   0.00e+00   0.00e+00   0.00e+00   0.0%
----------------------------------------------------------------
Total                  5.35e-04   2.78e-04   2.14e-07   8.12e-04 100.0%
                          65.8%      34.2%       0.0%

======================= Slowest Corner ===================================

Group                  Internal  Switching    Leakage      Total
                          Power      Power      Power      Power (Watts)
----------------------------------------------------------------
Sequential             1.78e-04   4.86e-05   8.44e-07   2.28e-04  41.1%
Combinational          1.94e-04   1.31e-04   1.20e-06   3.26e-04  58.9%
Macro                  0.00e+00   0.00e+00   0.00e+00   0.00e+00   0.0%
Pad                    0.00e+00   0.00e+00   0.00e+00   0.00e+00   0.0%
----------------------------------------------------------------
Total                  3.72e-04   1.80e-04   2.05e-06   5.54e-04 100.0%
                          67.1%      32.5%       0.4%

======================= Typical Corner ===================================

Group                  Internal  Switching    Leakage      Total
                          Power      Power      Power      Power (Watts)
----------------------------------------------------------------
Sequential             2.30e-04   6.24e-05   2.11e-07   2.93e-04  41.8%
Combinational          2.38e-04   1.70e-04   1.62e-09   4.08e-04  58.2%
Macro                  0.00e+00   0.00e+00   0.00e+00   0.00e+00   0.0%
Pad                    0.00e+00   0.00e+00   0.00e+00   0.00e+00   0.0%
----------------------------------------------------------------
Total                  4.68e-04   2.32e-04   2.13e-07   7.00e-04 100.0%
                          66.8%      33.2%       0.0%

