UART BLUETOOTH-CONTROLLED CAR — STA ALL CORNERS
Run: RUN_2026.10.09_09.16.45

========== max CORNER ==========
Source: designs/uart_bt_car/runs/RUN_2026.10.09_09.16.45/reports/signoff/28-mca/rcx_max_sta.summary.rpt

===========================================================================
report_tns
============================================================================
tns 0.00

===========================================================================
report_wns
============================================================================
wns 0.00

===========================================================================
report_worst_slack -max (Setup)
============================================================================
worst slack 2.87

===========================================================================
report_worst_slack -min (Hold)
============================================================================
worst slack 0.12

========== min CORNER ==========
Source: designs/uart_bt_car/runs/RUN_2026.10.09_09.16.45/reports/signoff/26-mca/rcx_min_sta.summary.rpt

===========================================================================
report_tns
============================================================================
tns 0.00

===========================================================================
report_wns
============================================================================
wns 0.00

===========================================================================
report_worst_slack -max (Setup)
============================================================================
worst slack 2.93

===========================================================================
report_worst_slack -min (Hold)
============================================================================
worst slack 0.11

========== nom CORNER ==========
Source: designs/uart_bt_car/runs/RUN_2026.10.09_09.16.45/reports/signoff/30-mca/rcx_nom_sta.summary.rpt

===========================================================================
report_tns
============================================================================
tns 0.00

===========================================================================
report_wns
============================================================================
wns 0.00

===========================================================================
report_worst_slack -max (Setup)
============================================================================
worst slack 2.90

===========================================================================
report_worst_slack -min (Hold)
============================================================================
worst slack 0.12
