
===========================================================================
 report_power
============================================================================
======================= Fastest Corner ===================================

Group                  Internal  Switching    Leakage      Total
                          Power      Power      Power      Power (Watts)
----------------------------------------------------------------
Sequential             2.67e-04   7.02e-05   2.12e-07   3.37e-04  42.3%
Combinational          2.68e-04   1.92e-04   2.68e-09   4.60e-04  57.7%
Macro                  0.00e+00   0.00e+00   0.00e+00   0.00e+00   0.0%
Pad                    0.00e+00   0.00e+00   0.00e+00   0.00e+00   0.0%
----------------------------------------------------------------
Total                  5.35e-04   2.62e-04   2.14e-07   7.98e-04 100.0%
                          67.1%      32.9%       0.0%

======================= Slowest Corner ===================================

Group                  Internal  Switching    Leakage      Total
                          Power      Power      Power      Power (Watts)
----------------------------------------------------------------
Sequential             1.79e-04   4.55e-05   8.44e-07   2.25e-04  41.4%
Combinational          1.93e-04   1.24e-04   1.20e-06   3.18e-04  58.6%
Macro                  0.00e+00   0.00e+00   0.00e+00   0.00e+00   0.0%
Pad                    0.00e+00   0.00e+00   0.00e+00   0.00e+00   0.0%
----------------------------------------------------------------
Total                  3.72e-04   1.70e-04   2.05e-06   5.44e-04 100.0%
                          68.4%      31.2%       0.4%

======================= Typical Corner ===================================

Group                  Internal  Switching    Leakage      Total
                          Power      Power      Power      Power (Watts)
----------------------------------------------------------------
Sequential             2.31e-04   5.86e-05   2.11e-07   2.89e-04  42.1%
Combinational          2.38e-04   1.61e-04   1.62e-09   3.98e-04  57.9%
Macro                  0.00e+00   0.00e+00   0.00e+00   0.00e+00   0.0%
Pad                    0.00e+00   0.00e+00   0.00e+00   0.00e+00   0.0%
----------------------------------------------------------------
Total                  4.68e-04   2.19e-04   2.13e-07   6.88e-04 100.0%
                          68.1%      31.9%       0.0%

